<?xml version="1.0" encoding="UTF-8"?>
<testsuites name="jest tests" tests="2" failures="0" time="52.018">
  <testsuite name="undefined" errors="0" failures="0" skipped="0" timestamp="2019-07-11T16:04:14" time="50.85" tests="2">
    <testcase classname=" renders without crashing" name=" renders without crashing" time="0.014">
    </testcase>
    <testcase classname=" isOAuthError returns true for errors that have oauth errors in them" name=" isOAuthError returns true for errors that have oauth errors in them" time="0.001">
    </testcase>
  </testsuite>
</testsuites>